layer at (0,0) size 800x600
  RenderView at (0,0) size 800x600
layer at (0,0) size 800x600
  RenderBlock {HTML} at (0,0) size 800x600
    RenderBody {BODY} at (8,8) size 784x584
      RenderBlock {P} at (0,0) size 784x18
        RenderText {#text} at (0,0) size 152x17
          text run at (0,0) width 152: "Test controls placement."
      RenderBlock (anonymous) at (0,34) size 784x114
        RenderMedia {AUDIO} at (0,0) size 300x30 [bgcolor=#0000FF]
        RenderBR {BR} at (300,16) size 0x17
        RenderBR {BR} at (0,30) size 0x17
        RenderMedia {AUDIO} at (0,48) size 320x30 [bgcolor=#0000FF]
        RenderBR {BR} at (320,64) size 0x17
        RenderBR {BR} at (0,78) size 0x17
        RenderBR {BR} at (0,96) size 0x17
layer at (8,42) size 300x30
  RenderFlexibleBox {DIV} at (0,0) size 300x30
    RenderBlock {DIV} at (0,0) size 300x30
layer at (8,42) size 300x30
  RenderFlexibleBox {DIV} at (0,0) size 300x30 [bgcolor=#141414CC]
    RenderSlider {INPUT} at (49,13) size 127x4 [color=#909090]
      RenderFlexibleBox {DIV} at (0,0) size 127x4
        RenderBlock {DIV} at (0,-5) size 141x14
          RenderBlock {DIV} at (-7,0) size 14x14 [color=#FFFFFF] [bgcolor=#FFFFFF]
    RenderBlock {DIV} at (191,0) size 62x30 [color=#FFFFFF]
      RenderText {#text} at (0,7) size 62x15
        text run at (0,7) width 62: "0:00 / 0:07"
    RenderFlexibleBox {DIV} at (261,0) size 30x30
      RenderFlexibleBox {BUTTON} at (0,0) size 30x30
layer at (17,42) size 30x30
  RenderFlexibleBox {BUTTON} at (9,0) size 30x30
layer at (8,90) size 320x30
  RenderFlexibleBox {DIV} at (0,0) size 320x30
    RenderBlock {DIV} at (0,0) size 320x30
layer at (8,90) size 320x30
  RenderFlexibleBox {DIV} at (0,0) size 320x30 [bgcolor=#141414CC]
    RenderSlider {INPUT} at (49,13) size 147x4 [color=#909090]
      RenderFlexibleBox {DIV} at (0,0) size 147x4
        RenderBlock {DIV} at (0,-5) size 161x14
          RenderBlock {DIV} at (-7,0) size 14x14 [color=#FFFFFF] [bgcolor=#FFFFFF]
    RenderBlock {DIV} at (211,0) size 62x30 [color=#FFFFFF]
      RenderText {#text} at (0,7) size 62x15
        text run at (0,7) width 62: "0:00 / 0:07"
    RenderFlexibleBox {DIV} at (281,0) size 30x30
      RenderFlexibleBox {BUTTON} at (0,0) size 30x30
layer at (17,90) size 30x30
  RenderFlexibleBox {BUTTON} at (9,0) size 30x30
layer at (8,138) size 320x100
  RenderMedia {AUDIO} at (8,138) size 320x100 [bgcolor=#0000FF]
layer at (8,138) size 320x100
  RenderFlexibleBox {DIV} at (0,0) size 320x100
    RenderBlock {DIV} at (0,70) size 320x30
layer at (8,208) size 320x30
  RenderFlexibleBox {DIV} at (0,0) size 320x30 [bgcolor=#141414CC]
    RenderSlider {INPUT} at (49,13) size 147x4 [color=#909090]
      RenderFlexibleBox {DIV} at (0,0) size 147x4
        RenderBlock {DIV} at (0,-5) size 161x14
          RenderBlock {DIV} at (-7,0) size 14x14 [color=#FFFFFF] [bgcolor=#FFFFFF]
    RenderBlock {DIV} at (211,0) size 62x30 [color=#FFFFFF]
      RenderText {#text} at (0,7) size 62x15
        text run at (0,7) width 62: "0:00 / 0:07"
    RenderFlexibleBox {DIV} at (281,0) size 30x30
      RenderFlexibleBox {BUTTON} at (0,0) size 30x30
layer at (17,208) size 30x30
  RenderFlexibleBox {BUTTON} at (9,0) size 30x30
