layer at (0,0) size 800x600
  RenderView at (0,0) size 800x600
layer at (0,0) size 800x600
  RenderBlock {HTML} at (0,0) size 800x600
    RenderBody {BODY} at (12,12) size 776x543
      RenderBlock {P} at (0,0) size 776x27
        RenderText {#text} at (0,0) size 280x26
          text run at (0,0) width 280: "Zoomed video with controls."
layer at (57,84) size 240x180
  RenderVideo {VIDEO} at (45,72) size 240x180
layer at (57,84) size 240x180
  RenderFlexibleBox {DIV} at (0,0) size 240x180
    RenderBlock {DIV} at (0,120) size 240x60
layer at (65,212) size 225x45
  RenderFlexibleBox {DIV} at (7,7) size 226x46 [bgcolor=#141414CC]
    RenderSlider {INPUT} at (73,19) size 38x7 [color=#909090]
      RenderFlexibleBox {DIV} at (0,0) size 38x6
        RenderBlock {DIV} at (0,-8) size 59x22
          RenderBlock {DIV} at (-11,0) size 22x21 [color=#FFFFFF] [bgcolor=#FFFFFF]
    RenderBlock {DIV} at (133,0) size 97x45 [color=#FFFFFF]
      RenderText {#text} at (0,11) size 96x22
        text run at (0,11) width 96: "0:00 / 0:06"
    RenderFlexibleBox {DIV} at (241,0) size 46x45
      RenderFlexibleBox {BUTTON} at (0,0) size 45x45
    RenderFlexibleBox {BUTTON} at (289,0) size 46x45
layer at (78,212) size 45x45
  RenderFlexibleBox {BUTTON} at (13,0) size 46x45
layer at (57,309) size 240x180
  RenderVideo {VIDEO} at (45,297) size 240x180
layer at (57,309) size 240x180
  RenderFlexibleBox {DIV} at (0,0) size 240x180
    RenderBlock {DIV} at (0,120) size 240x60
layer at (65,437) size 225x45
  RenderFlexibleBox {DIV} at (7,7) size 226x46 [bgcolor=#141414CC]
    RenderSlider {INPUT} at (73,19) size 38x7 [color=#909090]
      RenderFlexibleBox {DIV} at (0,0) size 38x6
        RenderBlock {DIV} at (0,-8) size 59x22
          RenderBlock {DIV} at (-11,0) size 22x21 [color=#FFFFFF] [bgcolor=#FFFFFF]
    RenderBlock {DIV} at (133,0) size 97x45 [color=#FFFFFF]
      RenderText {#text} at (0,11) size 96x22
        text run at (0,11) width 96: "0:00 / 0:06"
    RenderFlexibleBox {DIV} at (241,0) size 46x45
      RenderFlexibleBox {BUTTON} at (0,0) size 45x45
    RenderFlexibleBox {BUTTON} at (289,0) size 46x45
layer at (78,437) size 45x45
  RenderFlexibleBox {BUTTON} at (13,0) size 46x45
