layer at (0,0) size 800x600
  RenderView at (0,0) size 800x600
layer at (0,0) size 800x600
  RenderBlock {HTML} at (0,0) size 800x600
    RenderBody {BODY} at (8,8) size 784x584
      RenderBlock {P} at (0,0) size 784x18
        RenderText {#text} at (0,0) size 429x17
          text run at (0,0) width 429: "Slider drawing with no source. The controls should render correctly."
      RenderBlock (anonymous) at (0,34) size 784x152
        RenderText {#text} at (0,0) size 0x0
layer at (8,42) size 302x152
  RenderVideo {VIDEO} at (0,0) size 302x152 [border: (1px solid #000000)]
layer at (9,43) size 300x150
  RenderFlexibleBox {DIV} at (1,1) size 300x150
    RenderBlock {DIV} at (0,110) size 300x40
layer at (14,158) size 290x30
  RenderFlexibleBox {DIV} at (5,5) size 290x30 [bgcolor=#141414CC]
    RenderSlider {INPUT} at (49,13) size 71x4 [color=#909090]
      RenderFlexibleBox {DIV} at (0,0) size 71x4
        RenderBlock {DIV} at (0,-5) size 85x14
    RenderFlexibleBox {DIV} at (219,0) size 30x30
layer at (23,158) size 30x30
  RenderFlexibleBox {BUTTON} at (9,0) size 30x30
layer at (56,166) size 14x14
  RenderBlock {DIV} at (-7,0) size 14x14 [color=#FFFFFF] [bgcolor=#FFFFFF]
layer at (149,158) size 76x30
  RenderBlock {DIV} at (135,0) size 76x30 [color=#FFFFFF]
    RenderText {#text} at (0,7) size 76x15
      text run at (0,7) width 76: "00:00 / 00:00"
layer at (233,158) size 30x30
  RenderFlexibleBox {BUTTON} at (0,0) size 30x30 [color=#808080]
layer at (265,158) size 30x30
  RenderFlexibleBox {BUTTON} at (251,0) size 30x30 [color=#808080]
