layer at (0,0) size 800x600
  RenderView at (0,0) size 800x600
layer at (0,0) size 800x600
  RenderBlock {HTML} at (0,0) size 800x600
    RenderBody {BODY} at (8,8) size 784x576
      RenderBlock {FORM} at (0,0) size 784x46
        RenderText {#text} at (155,23) size 4x19
          text run at (155,23) width 4: " "
        RenderText {#text} at (314,23) size 4x19
          text run at (314,23) width 4: " "
        RenderButton {INPUT} at (320,24) size 53x20 [bgcolor=#FFFFFF03] [border: (1px solid #4C4C4C)]
          RenderBlock (anonymous) at (12,3) size 29x14
            RenderText at (0,0) size 29x14
              text run at (0,0) width 29: "Reset"
        RenderText {#text} at (0,0) size 0x0
      RenderBlock {P} at (0,62) size 784x80
        RenderText {#text} at (0,0) size 365x19
          text run at (0,0) width 365: "This test verifies that textarea controls are properly reset."
        RenderBR {BR} at (364,0) size 1x19
        RenderText {#text} at (0,20) size 470x19
          text run at (0,20) width 470: "You should see two element IDs below, and the word \"SUCCESS\" twice:"
        RenderBR {BR} at (469,20) size 1x19
        RenderText {#text} at (0,40) size 170x19
          text run at (0,40) width 170: "noDefaultText: SUCCESS"
        RenderBR {BR} at (169,40) size 1x19
        RenderText {#text} at (0,60) size 176x19
          text run at (0,60) width 176: "hasDefaultText: SUCCESS"
layer at (10,10) size 151x34 clip at (11,11) size 149x32
  RenderTextControl {TEXTAREA} at (2,2) size 151x34 [bgcolor=#FFFFFF] [border: (1px solid #4C4C4C)]
    RenderBlock {DIV} at (6,3) size 139x14
layer at (169,10) size 151x34 clip at (170,11) size 149x32
  RenderTextControl {TEXTAREA} at (161,2) size 151x34 [bgcolor=#FFFFFF] [border: (1px solid #4C4C4C)]
    RenderBlock {DIV} at (6,3) size 139x14
      RenderText {#text} at (0,0) size 59x14
        text run at (0,0) width 59: "Default Text"
