layer at (0,0) size 800x600
  RenderView at (0,0) size 800x600
layer at (0,0) size 800x600
  RenderBlock {HTML} at (0,0) size 800x600
    RenderBody {BODY} at (8,8) size 784x584
      RenderBlock (anonymous) at (0,0) size 784x20
        RenderText {#text} at (0,0) size 347x19
          text run at (0,0) width 347: "This tests that buttons don't honor table display styles."
        RenderBR {BR} at (346,0) size 1x19
      RenderButton {INPUT} at (2,22) size 89x20 [bgcolor=#FFFFFF03] [border: (1px solid #4C4C4C)]
        RenderBlock (anonymous) at (12,3) size 65x14
          RenderText at (0,0) size 65x14
            text run at (0,0) width 65: "display: table"
      RenderButton {INPUT} at (2,44) size 89x20 [bgcolor=#FFFFFF03] [border: (1px solid #4C4C4C)]
        RenderBlock (anonymous) at (12,3) size 65x14
          RenderText at (0,0) size 65x14
            text run at (0,0) width 65: "display: table"
      RenderBlock (anonymous) at (0,66) size 784x416
        RenderBR {BR} at (0,0) size 0x19
        RenderBR {BR} at (0,20) size 0x19
        RenderButton {INPUT} at (2,42) size 118x20 [bgcolor=#FFFFFF03] [border: (1px solid #4C4C4C)]
          RenderBlock (anonymous) at (12,3) size 94x14
            RenderText at (0,0) size 94x14
              text run at (0,0) width 94: "display: inline-table"
        RenderText {#text} at (121,41) size 5x19
          text run at (121,41) width 5: " "
        RenderButton {INPUT} at (127,42) size 119x20 [bgcolor=#FFFFFF03] [border: (1px solid #4C4C4C)]
          RenderBlock (anonymous) at (12,3) size 94x14
            RenderText at (0,0) size 94x14
              text run at (0,0) width 94: "display: inline-table"
        RenderBR {BR} at (247,41) size 1x19
        RenderBR {BR} at (0,64) size 0x19
        RenderButton {INPUT} at (2,86) size 142x20 [bgcolor=#FFFFFF03] [border: (1px solid #4C4C4C)]
          RenderBlock (anonymous) at (12,3) size 118x14
            RenderText at (0,0) size 118x14
              text run at (0,0) width 118: "display: table-row-group"
        RenderText {#text} at (145,85) size 5x19
          text run at (145,85) width 5: " "
        RenderButton {INPUT} at (151,86) size 142x20 [bgcolor=#FFFFFF03] [border: (1px solid #4C4C4C)]
          RenderBlock (anonymous) at (12,3) size 118x14
            RenderText at (0,0) size 118x14
              text run at (0,0) width 118: "display: table-row-group"
        RenderBR {BR} at (294,85) size 1x19
        RenderBR {BR} at (0,108) size 0x19
        RenderButton {INPUT} at (2,130) size 158x20 [bgcolor=#FFFFFF03] [border: (1px solid #4C4C4C)]
          RenderBlock (anonymous) at (12,3) size 134x14
            RenderText at (0,0) size 134x14
              text run at (0,0) width 134: "display: table-header-group"
        RenderText {#text} at (161,129) size 5x19
          text run at (161,129) width 5: " "
        RenderButton {INPUT} at (167,130) size 159x20 [bgcolor=#FFFFFF03] [border: (1px solid #4C4C4C)]
          RenderBlock (anonymous) at (12,3) size 134x14
            RenderText at (0,0) size 134x14
              text run at (0,0) width 134: "display: table-header-group"
        RenderBR {BR} at (327,129) size 1x19
        RenderBR {BR} at (0,152) size 0x19
        RenderButton {INPUT} at (2,174) size 152x20 [bgcolor=#FFFFFF03] [border: (1px solid #4C4C4C)]
          RenderBlock (anonymous) at (12,3) size 128x14
            RenderText at (0,0) size 128x14
              text run at (0,0) width 128: "display: table-footer-group"
        RenderText {#text} at (155,173) size 5x19
          text run at (155,173) width 5: " "
        RenderButton {INPUT} at (161,174) size 153x20 [bgcolor=#FFFFFF03] [border: (1px solid #4C4C4C)]
          RenderBlock (anonymous) at (12,3) size 128x14
            RenderText at (0,0) size 128x14
              text run at (0,0) width 128: "display: table-footer-group"
        RenderBR {BR} at (315,173) size 1x19
        RenderBR {BR} at (0,196) size 0x19
        RenderButton {INPUT} at (2,218) size 110x20 [bgcolor=#FFFFFF03] [border: (1px solid #4C4C4C)]
          RenderBlock (anonymous) at (12,3) size 86x14
            RenderText at (0,0) size 86x14
              text run at (0,0) width 86: "display: table-row"
        RenderText {#text} at (113,217) size 5x19
          text run at (113,217) width 5: " "
        RenderButton {INPUT} at (119,218) size 111x20 [bgcolor=#FFFFFF03] [border: (1px solid #4C4C4C)]
          RenderBlock (anonymous) at (12,3) size 86x14
            RenderText at (0,0) size 86x14
              text run at (0,0) width 86: "display: table-row"
        RenderBR {BR} at (231,217) size 1x19
        RenderBR {BR} at (0,240) size 0x19
        RenderButton {INPUT} at (2,262) size 160x20 [bgcolor=#FFFFFF03] [border: (1px solid #4C4C4C)]
          RenderBlock (anonymous) at (12,3) size 136x14
            RenderText at (0,0) size 136x14
              text run at (0,0) width 136: "display: table-column-group"
        RenderText {#text} at (163,261) size 5x19
          text run at (163,261) width 5: " "
        RenderButton {INPUT} at (169,262) size 160x20 [bgcolor=#FFFFFF03] [border: (1px solid #4C4C4C)]
          RenderBlock (anonymous) at (12,3) size 136x14
            RenderText at (0,0) size 136x14
              text run at (0,0) width 136: "display: table-column-group"
        RenderBR {BR} at (330,261) size 1x19
        RenderBR {BR} at (0,284) size 0x19
        RenderButton {INPUT} at (2,306) size 128x20 [bgcolor=#FFFFFF03] [border: (1px solid #4C4C4C)]
          RenderBlock (anonymous) at (12,3) size 104x14
            RenderText at (0,0) size 104x14
              text run at (0,0) width 104: "display: table-column"
        RenderText {#text} at (131,305) size 5x19
          text run at (131,305) width 5: " "
        RenderButton {INPUT} at (137,306) size 128x20 [bgcolor=#FFFFFF03] [border: (1px solid #4C4C4C)]
          RenderBlock (anonymous) at (12,3) size 104x14
            RenderText at (0,0) size 104x14
              text run at (0,0) width 104: "display: table-column"
        RenderBR {BR} at (266,305) size 1x19
        RenderBR {BR} at (0,328) size 0x19
        RenderButton {INPUT} at (2,350) size 109x20 [bgcolor=#FFFFFF03] [border: (1px solid #4C4C4C)]
          RenderBlock (anonymous) at (12,3) size 85x14
            RenderText at (0,0) size 85x14
              text run at (0,0) width 85: "display: table-cell"
        RenderText {#text} at (112,349) size 5x19
          text run at (112,349) width 5: " "
        RenderButton {INPUT} at (118,350) size 109x20 [bgcolor=#FFFFFF03] [border: (1px solid #4C4C4C)]
          RenderBlock (anonymous) at (12,3) size 85x14
            RenderText at (0,0) size 85x14
              text run at (0,0) width 85: "display: table-cell"
        RenderBR {BR} at (228,349) size 1x19
        RenderBR {BR} at (0,372) size 0x19
        RenderButton {INPUT} at (2,394) size 128x20 [bgcolor=#FFFFFF03] [border: (1px solid #4C4C4C)]
          RenderBlock (anonymous) at (12,3) size 104x14
            RenderText at (0,0) size 104x14
              text run at (0,0) width 104: "display: table-caption"
        RenderText {#text} at (131,393) size 5x19
          text run at (131,393) width 5: " "
        RenderButton {INPUT} at (137,394) size 128x20 [bgcolor=#FFFFFF03] [border: (1px solid #4C4C4C)]
          RenderBlock (anonymous) at (12,3) size 104x14
            RenderText at (0,0) size 104x14
              text run at (0,0) width 104: "display: table-caption"
        RenderText {#text} at (0,0) size 0x0
