layer at (0,0) size 800x600
  RenderView at (0,0) size 800x600
layer at (0,0) size 800x600
  RenderBlock {HTML} at (0,0) size 800x600
    RenderBody {BODY} at (8,8) size 784x584
      RenderBlock {P} at (0,0) size 784x36
        RenderInline {A} at (0,0) size 305x17 [color=#0000EE]
          RenderText {#text} at (0,0) size 305x17
            text run at (0,0) width 305: "https://bugs.webkit.org/show_bug.cgi?id=25066"
        RenderBR {BR} at (305,0) size 0x17
        RenderText {#text} at (0,18) size 415x17
          text run at (0,18) width 415: "controls should not be misplaced when video gets a RenderLayer."
      RenderBlock (anonymous) at (0,52) size 784x252
        RenderText {#text} at (0,0) size 0x0
        RenderText {#text} at (0,0) size 0x0
layer at (58,110) size 302x152
  RenderVideo {VIDEO} at (50,50) size 302x152 [border: (1px solid #000000)]
layer at (59,111) size 300x150
  RenderFlexibleBox {DIV} at (1,1) size 300x150
    RenderBlock {DIV} at (0,110) size 300x40
layer at (64,226) size 290x30
  RenderFlexibleBox {DIV} at (5,5) size 290x30 [bgcolor=#141414CC]
    RenderSlider {INPUT} at (49,13) size 73x4 [color=#909090]
      RenderFlexibleBox {DIV} at (0,0) size 73x4
        RenderBlock {DIV} at (0,-5) size 87x14
    RenderFlexibleBox {DIV} at (219,0) size 30x30
layer at (73,226) size 30x30
  RenderFlexibleBox {BUTTON} at (9,0) size 30x30
layer at (106,234) size 14x14
  RenderBlock {DIV} at (-7,0) size 14x14 [color=#FFFFFF] [bgcolor=#FFFFFF]
layer at (201,226) size 74x30
  RenderBlock {DIV} at (137,0) size 74x30 [color=#FFFFFF]
    RenderText {#text} at (0,7) size 74x15
      text run at (0,7) width 74: "00:00 / 00:00"
layer at (283,226) size 30x30
  RenderFlexibleBox {BUTTON} at (0,0) size 30x30 [color=#808080]
layer at (315,226) size 30x30
  RenderFlexibleBox {BUTTON} at (251,0) size 30x30 [color=#808080]
